
> oficio@0.0.15 build
> vite build

[36mvite v6.4.1 [32mbuilding for production...[36m[39m
node.exe : 
No linha:1 caractere:1
+ & "C:\Program Files\nodejs/node.exe" "C:\Program Files\nodejs/node_mo ...
+ ~~~~~~~~~~~~~~~~~~~~~~~~~~~~~~~~~~~~~~~~~~~~~~~~~~~~~~~~~~~~~~~~~~~~~
    + CategoryInfo          : NotSpecified: (:String) [], RemoteException
    + FullyQualifiedErrorId : NativeCommandError
 
/index.css doesn't exist at build time, it will remain unchanged to be resolved at runtime
transforming...
[32mÔ£ô[39m 75 modules transformed.
[31mÔ£ù[39m Build failed in 713ms
[31merror during build:
[31m[vite:esbuild] Transform failed with 2 errors:
C:/Users/guigu/OneDrive/├ürea de Trabalho/Apps/Projeto- 
Prefeitura-01/Prefeitura-Integrada-DataBase/components/diarias/NovoEventoScreen.tsx:426:13: ERROR: The character "}" 
is not valid inside a JSX element
C:/Users/guigu/OneDrive/├ürea de Trabalho/Apps/Projeto- 
Prefeitura-01/Prefeitura-Integrada-DataBase/components/diarias/NovoEventoScreen.tsx:467:14: ERROR: Unterminated 
regular expression[31m
file: [36mC:/Users/guigu/OneDrive/├ürea de Trabalho/Apps/Projeto- 
Prefeitura-01/Prefeitura-Integrada-DataBase/components/diarias/NovoEventoScreen.tsx:426:13[31m
[33m
[33mThe character "}" is not valid inside a JSX element[33m
424|                </div>
425|              </div>
426|              )}
   |               ^
427|  
428|              {currentStep === 2 && (

[33mUnterminated regular expression[33m
465|  
466|            </div>
467|          </div>
   |                ^
468|        </div>
469|      </div>
[31m
    at failureErrorWithLog (C:\Users\guigu\OneDrive\├ürea de Trabalho\Apps\Projeto- 
Prefeitura-01\Prefeitura-Integrada-DataBase\node_modules\esbuild\lib\main.js:1467:15)
    at C:\Users\guigu\OneDrive\├ürea de Trabalho\Apps\Projeto- 
Prefeitura-01\Prefeitura-Integrada-DataBase\node_modules\esbuild\lib\main.js:736:50
    at responseCallbacks.<computed> (C:\Users\guigu\OneDrive\├ürea de Trabalho\Apps\Projeto- 
Prefeitura-01\Prefeitura-Integrada-DataBase\node_modules\esbuild\lib\main.js:603:9)
    at handleIncomingPacket (C:\Users\guigu\OneDrive\├ürea de Trabalho\Apps\Projeto- 
Prefeitura-01\Prefeitura-Integrada-DataBase\node_modules\esbuild\lib\main.js:658:12)
    at Socket.readFromStdout (C:\Users\guigu\OneDrive\├ürea de Trabalho\Apps\Projeto- 
Prefeitura-01\Prefeitura-Integrada-DataBase\node_modules\esbuild\lib\main.js:581:7)
    at Socket.emit (node:events:508:28)
    at addChunk (node:internal/streams/readable:559:12)
    at readableAddChunkPushByteMode (node:internal/streams/readable:510:3)
    at Readable.push (node:internal/streams/readable:390:5)
    at Pipe.onStreamRead (node:internal/stream_base_commons:189:23)[39m
